{
  "type": "object",
  "description": "Named reaches shapes.Holder through a named field.",
  "properties": {
    "h": {
      "type": "object",
      "description": "Holder holds a shape.",
      "properties": {
        "s": {
          "anyOf": [
            {
              "type": "object",
              "description": "Circle is a round shape.",
              "properties": {
                "type": {
                  "type": "string",
                  "const": "Circle"
                },
                "radius": {
                  "type": "integer"
                }
              },
              "required": [
                "type",
                "radius"
              ],
              "additionalProperties": false
            }
          ]
        }
      },
      "required": [
        "s"
      ],
      "additionalProperties": false
    }
  },
  "required": [
    "h"
  ],
  "additionalProperties": false
}
