{
  "type": "object",
  "description": "EmbeddedTags covers the embedded-field tag forms encoding/json honors.",
  "properties": {
    "base": {
      "type": "object",
      "description": "RenamedBase is embedded under an explicit JSON name, so it nests.",
      "properties": {
        "inner": {
          "type": "string"
        }
      },
      "required": [
        "inner"
      ],
      "additionalProperties": false
    },
    "visible": {
      "type": "string"
    }
  },
  "required": [
    "base",
    "visible"
  ],
  "additionalProperties": false
}
