{
  "type": "object",
  "properties": {
    "MaxRetries": {
      "type": "integer"
    },
    "TimeoutSeconds": {
      "type": "integer"
    },
    "backoff_strategy": {
      "type": "integer"
    },
    "Untagged": {
      "type": "integer"
    },
    "-": {
      "type": "integer",
      "description": "Dash is a property literally named \"-\"."
    }
  },
  "required": [
    "MaxRetries",
    "TimeoutSeconds",
    "backoff_strategy",
    "Untagged",
    "-"
  ],
  "additionalProperties": false
}
